core_cm4.h:2064:26:ITM_SendChar	16	static,ignoring_inline_asm
main.c:71:5:__io_putchar	16	static
main.c:78:6:waitUntilStop	16	static
main.c:89:8:clamp	40	static
main.c:94:6:resetICM	16	static
main.c:102:6:spiSet	24	static
main.c:111:6:spiGet	24	static
main.c:125:5:main	240	static
main.c:277:6:SystemClock_Config	88	static
main.c:321:13:MX_SPI1_Init	8	static
main.c:359:13:MX_TIM1_Init	56	static
main.c:409:13:MX_TIM3_Init	48	static
main.c:458:13:MX_USART3_UART_Init	8	static
main.c:491:13:MX_USB_OTG_FS_PCD_Init	8	static
main.c:526:13:MX_GPIO_Init	56	static
main.c:631:6:Error_Handler	4	static,ignoring_inline_asm
