fix16.h:48:23:fix16_from_int	16	static
fix16.h:63:23:fix16_from_float	24	static
main.c:71:5:_write	24	static
main.c:77:6:resetICM	16	static
main.c:86:6:spiSet	32	static
main.c:96:6:spiGet	32	static
main.c:105:6:printf16	40	static
main.c:112:6:pn	8	static
main.c:121:5:main	24	static
main.c:194:6:SystemClock_Config	88	static
main.c:233:13:MX_ADC1_Init	24	static
main.c:290:13:MX_SPI1_Init	8	static
main.c:330:13:MX_TIM1_Init	64	static
main.c:381:13:MX_TIM3_Init	48	static
main.c:430:13:MX_USART2_UART_Init	8	static
main.c:466:13:MX_GPIO_Init	48	static
main.c:510:6:Error_Handler	8	static,ignoring_inline_asm
