fix16.h:48:23:fix16_from_int	16	static
fix16.h:52:19:fix16_to_int	16	static
fix16.h:63:23:fix16_from_float	24	static
fix16.h:93:23:fix16_abs	16	static
main.c:71:5:_write	24	static
main.c:77:6:resetICM	16	static
main.c:86:6:spiSet	32	static
main.c:96:6:spiGet	32	static
main.c:105:6:printf16	40	static
main.c:112:6:pn	8	static
main.c:116:6:ps	8	static
main.c:120:6:pc	8	static
main.c:124:6:brakeOn	8	static
main.c:129:6:brakeOff	8	static
main.c:134:6:waitUntilStop	16	static
main.c:147:9:getBatteryVoltage	24	static
main.c:160:9:rad2deg	16	static
main.c:167:9:sign	16	static
main.c:176:5:main	216	static
main.c:427:6:SystemClock_Config	88	static
main.c:466:13:MX_ADC1_Init	24	static
main.c:523:13:MX_SPI1_Init	8	static
main.c:563:13:MX_TIM1_Init	64	static
main.c:614:13:MX_TIM3_Init	48	static
main.c:663:13:MX_USART2_UART_Init	8	static
main.c:699:13:MX_GPIO_Init	48	static
main.c:743:6:Error_Handler	8	static,ignoring_inline_asm
